2025-03-05T16:33:05 | touched: test/Nearprotocol.test.js
2025-04-21T09:52:47 | touched: hardhat.config.js
2025-12-20T05:19:13 | touched: scripts/deploy.js
2025-03-12T15:13:52 | touched: hardhat.config.js
2025-01-25T01:09:33 | touched: package.json
2025-10-09T17:49:45 | touched: hardhat.config.js
2025-05-26T04:49:43 | touched: hardhat.config.js
2025-10-24T18:03:13 | touched: LICENSE
2025-03-17T02:52:20 | touched: .env.example
2025-12-23T03:45:21 | touched: scripts/deploy.js
2025-07-06T05:14:01 | touched: contracts/Nearprotocol.sol
2025-09-20T07:33:37 | touched: README.md
2025-06-09T21:01:06 | touched: test/Nearprotocol.test.js
2025-05-03T03:14:20 | touched: test/Nearprotocol.test.js
2025-09-15T13:25:21 | touched: hardhat.config.js
2025-11-10T09:49:54 | touched: hardhat.config.js
2025-08-13T03:44:38 | touched: hardhat.config.js
2025-03-17T14:56:39 | touched: LICENSE
2025-06-23T15:01:04 | touched: test/Nearprotocol.test.js
2025-09-19T04:53:54 | touched: LICENSE
2025-12-13T01:31:51 | touched: package.json
2025-02-21T23:05:00 | touched: package.json
2025-07-30T05:52:32 | touched: test/Nearprotocol.test.js
2025-08-23T02:36:54 | touched: LICENSE
2025-07-16T10:22:33 | touched: README.md
2025-01-13T21:30:02 | touched: LICENSE
2025-06-11T03:02:09 | touched: test/Nearprotocol.test.js
2025-03-05T11:14:09 | touched: LICENSE
2025-11-12T17:59:38 | touched: contracts/Nearprotocol.sol
2025-09-06T10:27:34 | touched: README.md
2025-05-02T07:22:03 | touched: README.md
2025-02-02T06:48:02 | touched: test/Nearprotocol.test.js
2025-12-27T21:50:14 | touched: contracts/Nearprotocol.sol
2025-12-26T12:01:10 | touched: scripts/deploy.js
2025-06-25T06:41:05 | touched: README.md
2025-08-19T23:28:00 | touched: test/Nearprotocol.test.js
2025-03-13T23:41:55 | touched: contracts/Nearprotocol.sol
2025-12-14T05:30:31 | touched: README.md
2025-09-13T16:28:24 | touched: README.md
2025-10-06T12:35:01 | touched: test/Nearprotocol.test.js
2025-05-17T03:06:15 | touched: package.json
2025-07-24T17:16:49 | touched: test/Nearprotocol.test.js
2025-10-02T03:40:45 | touched: scripts/deploy.js
